Archive member included to satisfy reference by file (symbol)

e:/lpcxpresso_8.2.2_650/lpcxpresso/tools/bin/../lib/gcc/arm-none-eabi/5.4.1/../../../../arm-none-eabi/lib/armv7-m\libcr_c.a(__weak__main.o)
                              ./src/cr_startup_lpc175x_6x.o (__main)

Discarded input sections

 .group         0x00000000        0x8 ./src/timers/timers.o
 .group         0x00000000        0x8 ./src/timers/timers.o
 .group         0x00000000        0x8 ./src/timers/timers.o
 .group         0x00000000        0x8 ./src/timers/timers.o
 .group         0x00000000        0x8 ./src/timers/timers.o
 .group         0x00000000        0x8 ./src/timers/timers.o
 .text          0x00000000        0x0 ./src/timers/timers.o
 .data          0x00000000        0x0 ./src/timers/timers.o
 .bss           0x00000000        0x0 ./src/timers/timers.o
 .text.inic_timer0
                0x00000000       0xa8 ./src/timers/timers.o
 .group         0x00000000        0x8 ./src/systick/inic_systic.o
 .group         0x00000000        0x8 ./src/systick/inic_systic.o
 .group         0x00000000        0x8 ./src/systick/inic_systic.o
 .group         0x00000000        0x8 ./src/systick/inic_systic.o
 .group         0x00000000        0x8 ./src/systick/inic_systic.o
 .group         0x00000000        0x8 ./src/systick/inic_systic.o
 .text          0x00000000        0x0 ./src/systick/inic_systic.o
 .data          0x00000000        0x0 ./src/systick/inic_systic.o
 .bss           0x00000000        0x0 ./src/systick/inic_systic.o
 .debug_macro   0x00000000      0x886 ./src/systick/inic_systic.o
 .debug_macro   0x00000000      0x711 ./src/systick/inic_systic.o
 .debug_macro   0x00000000       0xfa ./src/systick/inic_systic.o
 .debug_macro   0x00000000       0x64 ./src/systick/inic_systic.o
 .debug_macro   0x00000000       0xbe ./src/systick/inic_systic.o
 .debug_macro   0x00000000      0x178 ./src/systick/inic_systic.o
 .group         0x00000000        0x8 ./src/interrupciones/interrupciones.o
 .group         0x00000000        0x8 ./src/interrupciones/interrupciones.o
 .group         0x00000000        0x8 ./src/interrupciones/interrupciones.o
 .group         0x00000000        0x8 ./src/interrupciones/interrupciones.o
 .group         0x00000000        0x8 ./src/interrupciones/interrupciones.o
 .group         0x00000000        0x8 ./src/interrupciones/interrupciones.o
 .text          0x00000000        0x0 ./src/interrupciones/interrupciones.o
 .data          0x00000000        0x0 ./src/interrupciones/interrupciones.o
 .bss           0x00000000        0x0 ./src/interrupciones/interrupciones.o
 .debug_macro   0x00000000      0x886 ./src/interrupciones/interrupciones.o
 .debug_macro   0x00000000      0x711 ./src/interrupciones/interrupciones.o
 .debug_macro   0x00000000       0xfa ./src/interrupciones/interrupciones.o
 .debug_macro   0x00000000       0x64 ./src/interrupciones/interrupciones.o
 .debug_macro   0x00000000       0xbe ./src/interrupciones/interrupciones.o
 .debug_macro   0x00000000      0x178 ./src/interrupciones/interrupciones.o
 .group         0x00000000        0x8 ./src/expansion3/7seg_Exp3.o
 .group         0x00000000        0x8 ./src/expansion3/7seg_Exp3.o
 .group         0x00000000        0x8 ./src/expansion3/7seg_Exp3.o
 .group         0x00000000        0x8 ./src/expansion3/7seg_Exp3.o
 .group         0x00000000        0x8 ./src/expansion3/7seg_Exp3.o
 .group         0x00000000        0x8 ./src/expansion3/7seg_Exp3.o
 .text          0x00000000        0x0 ./src/expansion3/7seg_Exp3.o
 .data          0x00000000        0x0 ./src/expansion3/7seg_Exp3.o
 .bss           0x00000000        0x0 ./src/expansion3/7seg_Exp3.o
 .text.display_2dsp
                0x00000000       0x7c ./src/expansion3/7seg_Exp3.o
 .debug_macro   0x00000000      0x886 ./src/expansion3/7seg_Exp3.o
 .debug_macro   0x00000000      0x711 ./src/expansion3/7seg_Exp3.o
 .debug_macro   0x00000000       0xfa ./src/expansion3/7seg_Exp3.o
 .debug_macro   0x00000000       0x64 ./src/expansion3/7seg_Exp3.o
 .debug_macro   0x00000000       0xbe ./src/expansion3/7seg_Exp3.o
 .debug_macro   0x00000000      0x178 ./src/expansion3/7seg_Exp3.o
 .group         0x00000000        0x8 ./src/expansion3/teclado_exp3.o
 .group         0x00000000        0x8 ./src/expansion3/teclado_exp3.o
 .group         0x00000000        0x8 ./src/expansion3/teclado_exp3.o
 .group         0x00000000        0x8 ./src/expansion3/teclado_exp3.o
 .group         0x00000000        0x8 ./src/expansion3/teclado_exp3.o
 .group         0x00000000        0x8 ./src/expansion3/teclado_exp3.o
 .text          0x00000000        0x0 ./src/expansion3/teclado_exp3.o
 .data          0x00000000        0x0 ./src/expansion3/teclado_exp3.o
 .bss           0x00000000        0x0 ./src/expansion3/teclado_exp3.o
 .debug_macro   0x00000000      0x886 ./src/expansion3/teclado_exp3.o
 .debug_macro   0x00000000      0x711 ./src/expansion3/teclado_exp3.o
 .debug_macro   0x00000000       0xfa ./src/expansion3/teclado_exp3.o
 .debug_macro   0x00000000       0x64 ./src/expansion3/teclado_exp3.o
 .debug_macro   0x00000000       0xbe ./src/expansion3/teclado_exp3.o
 .debug_macro   0x00000000      0x178 ./src/expansion3/teclado_exp3.o
 .group         0x00000000        0x8 ./src/codigo_personal/codigo_personal.o
 .group         0x00000000        0x8 ./src/codigo_personal/codigo_personal.o
 .group         0x00000000        0x8 ./src/codigo_personal/codigo_personal.o
 .group         0x00000000        0x8 ./src/codigo_personal/codigo_personal.o
 .group         0x00000000        0x8 ./src/codigo_personal/codigo_personal.o
 .group         0x00000000        0x8 ./src/codigo_personal/codigo_personal.o
 .group         0x00000000        0x8 ./src/codigo_personal/codigo_personal.o
 .text          0x00000000        0x0 ./src/codigo_personal/codigo_personal.o
 .data          0x00000000        0x0 ./src/codigo_personal/codigo_personal.o
 .bss           0x00000000        0x0 ./src/codigo_personal/codigo_personal.o
 .debug_macro   0x00000000      0x886 ./src/codigo_personal/codigo_personal.o
 .debug_macro   0x00000000      0x711 ./src/codigo_personal/codigo_personal.o
 .debug_macro   0x00000000       0xfa ./src/codigo_personal/codigo_personal.o
 .debug_macro   0x00000000       0x64 ./src/codigo_personal/codigo_personal.o
 .debug_macro   0x00000000       0xbe ./src/codigo_personal/codigo_personal.o
 .debug_macro   0x00000000      0x178 ./src/codigo_personal/codigo_personal.o
 .group         0x00000000        0x8 ./src/GPIO/FW_GPIO.o
 .group         0x00000000        0x8 ./src/GPIO/FW_GPIO.o
 .group         0x00000000        0x8 ./src/GPIO/FW_GPIO.o
 .group         0x00000000        0x8 ./src/GPIO/FW_GPIO.o
 .group         0x00000000        0x8 ./src/GPIO/FW_GPIO.o
 .group         0x00000000        0x8 ./src/GPIO/FW_GPIO.o
 .text          0x00000000        0x0 ./src/GPIO/FW_GPIO.o
 .data          0x00000000        0x0 ./src/GPIO/FW_GPIO.o
 .bss           0x00000000        0x0 ./src/GPIO/FW_GPIO.o
 .text.set_pinmode
                0x00000000       0x7c ./src/GPIO/FW_GPIO.o
 .text.toggle_pin
                0x00000000       0x90 ./src/GPIO/FW_GPIO.o
 .debug_macro   0x00000000      0x886 ./src/GPIO/FW_GPIO.o
 .debug_macro   0x00000000      0x711 ./src/GPIO/FW_GPIO.o
 .debug_macro   0x00000000       0xfa ./src/GPIO/FW_GPIO.o
 .debug_macro   0x00000000       0x64 ./src/GPIO/FW_GPIO.o
 .debug_macro   0x00000000       0xbe ./src/GPIO/FW_GPIO.o
 .debug_macro   0x00000000      0x178 ./src/GPIO/FW_GPIO.o
 .group         0x00000000        0x8 ./src/FW_InitOscilador.o
 .group         0x00000000        0x8 ./src/FW_InitOscilador.o
 .group         0x00000000        0x8 ./src/FW_InitOscilador.o
 .text          0x00000000        0x0 ./src/FW_InitOscilador.o
 .data          0x00000000        0x0 ./src/FW_InitOscilador.o
 .bss           0x00000000        0x0 ./src/FW_InitOscilador.o
 .debug_macro   0x00000000      0x886 ./src/FW_InitOscilador.o
 .debug_macro   0x00000000       0xfa ./src/FW_InitOscilador.o
 .debug_macro   0x00000000      0x711 ./src/FW_InitOscilador.o
 .group         0x00000000        0x8 ./src/cr_startup_lpc175x_6x.o
 .text          0x00000000        0x0 ./src/cr_startup_lpc175x_6x.o
 .data          0x00000000        0x0 ./src/cr_startup_lpc175x_6x.o
 .bss           0x00000000        0x0 ./src/cr_startup_lpc175x_6x.o
 .debug_macro   0x00000000      0x886 ./src/cr_startup_lpc175x_6x.o
 .group         0x00000000        0x8 ./src/crp.o
 .group         0x00000000        0x8 ./src/crp.o
 .text          0x00000000        0x0 ./src/crp.o
 .data          0x00000000        0x0 ./src/crp.o
 .bss           0x00000000        0x0 ./src/crp.o
 .debug_macro   0x00000000      0x886 ./src/crp.o
 .group         0x00000000        0x8 ./src/test.o
 .group         0x00000000        0x8 ./src/test.o
 .group         0x00000000        0x8 ./src/test.o
 .group         0x00000000        0x8 ./src/test.o
 .group         0x00000000        0x8 ./src/test.o
 .group         0x00000000        0x8 ./src/test.o
 .group         0x00000000        0x8 ./src/test.o
 .text          0x00000000        0x0 ./src/test.o
 .data          0x00000000        0x0 ./src/test.o
 .bss           0x00000000        0x0 ./src/test.o
 .debug_macro   0x00000000      0x886 ./src/test.o
 .debug_macro   0x00000000      0x711 ./src/test.o
 .debug_macro   0x00000000       0xfa ./src/test.o
 .debug_macro   0x00000000       0x64 ./src/test.o
 .debug_macro   0x00000000       0xbe ./src/test.o
 .debug_macro   0x00000000      0x178 ./src/test.o
 .text          0x00000000        0x0 e:/lpcxpresso_8.2.2_650/lpcxpresso/tools/bin/../lib/gcc/arm-none-eabi/5.4.1/../../../../arm-none-eabi/lib/armv7-m\libcr_c.a(__weak__main.o)
 .data          0x00000000        0x0 e:/lpcxpresso_8.2.2_650/lpcxpresso/tools/bin/../lib/gcc/arm-none-eabi/5.4.1/../../../../arm-none-eabi/lib/armv7-m\libcr_c.a(__weak__main.o)
 .bss           0x00000000        0x0 e:/lpcxpresso_8.2.2_650/lpcxpresso/tools/bin/../lib/gcc/arm-none-eabi/5.4.1/../../../../arm-none-eabi/lib/armv7-m\libcr_c.a(__weak__main.o)

Memory Configuration

Name             Origin             Length             Attributes
MFlash512        0x00000000         0x00080000         xr
RamLoc32         0x10000000         0x00008000         xrw
RamAHB32         0x2007c000         0x00008000         xrw
*default*        0x00000000         0xffffffff

Linker script and memory map

LOAD ./src/timers/timers.o
LOAD ./src/systick/inic_systic.o
LOAD ./src/interrupciones/interrupciones.o
LOAD ./src/expansion3/7seg_Exp3.o
LOAD ./src/expansion3/teclado_exp3.o
LOAD ./src/codigo_personal/codigo_personal.o
LOAD ./src/GPIO/FW_GPIO.o
LOAD ./src/FW_InitOscilador.o
LOAD ./src/cr_startup_lpc175x_6x.o
LOAD ./src/crp.o
LOAD ./src/test.o
START GROUP
LOAD e:/lpcxpresso_8.2.2_650/lpcxpresso/tools/bin/../lib/gcc/arm-none-eabi/5.4.1/../../../../arm-none-eabi/lib/armv7-m\libcr_c.a
LOAD e:/lpcxpresso_8.2.2_650/lpcxpresso/tools/bin/../lib/gcc/arm-none-eabi/5.4.1/armv7-m\libcr_eabihelpers.a
END GROUP
                0x00000000                __base_MFlash512 = 0x0
                0x00000000                __base_Flash = 0x0
                0x00080000                __top_MFlash512 = 0x80000
                0x00080000                __top_Flash = 0x80000
                0x10000000                __base_RamLoc32 = 0x10000000
                0x10000000                __base_RAM = 0x10000000
                0x10008000                __top_RamLoc32 = 0x10008000
                0x10008000                __top_RAM = 0x10008000
                0x2007c000                __base_RamAHB32 = 0x2007c000
                0x2007c000                __base_RAM2 = 0x2007c000
                0x20084000                __top_RamAHB32 = 0x20084000
                0x20084000                __top_RAM2 = 0x20084000

.text           0x00000000      0xdf8
 FILL mask 0xff
                0x00000000                __vectors_start__ = ABSOLUTE (.)
 *(.isr_vector)
 .isr_vector    0x00000000       0xcc ./src/cr_startup_lpc175x_6x.o
                0x00000000                g_pfnVectors
                0x000000cc                . = ALIGN (0x4)
                0x000000cc                __section_table_start = .
                0x000000cc                __data_section_table = .
                0x000000cc        0x4 LONG 0xdf8 LOADADDR (.data)
                0x000000d0        0x4 LONG 0x10000000 ADDR (.data)
                0x000000d4        0x4 LONG 0x8 SIZEOF (.data)
                0x000000d8        0x4 LONG 0xdf8 LOADADDR (.data_RAM2)
                0x000000dc        0x4 LONG 0x2007c000 ADDR (.data_RAM2)
                0x000000e0        0x4 LONG 0x0 SIZEOF (.data_RAM2)
                0x000000e4                __data_section_table_end = .
                0x000000e4                __bss_section_table = .
                0x000000e4        0x4 LONG 0x10000008 ADDR (.bss)
                0x000000e8        0x4 LONG 0x14 SIZEOF (.bss)
                0x000000ec        0x4 LONG 0x2007c000 ADDR (.bss_RAM2)
                0x000000f0        0x4 LONG 0x0 SIZEOF (.bss_RAM2)
                0x000000f4                __bss_section_table_end = .
                0x000000f4                __section_table_end = .
 *(.after_vectors*)
 .after_vectors
                0x000000f4      0x140 ./src/cr_startup_lpc175x_6x.o
                0x000000f4                data_init
                0x00000138                bss_init
                0x00000170                ResetISR
                0x000001e4                NMI_Handler
                0x000001ec                HardFault_Handler
                0x000001f4                MemManage_Handler
                0x000001fc                BusFault_Handler
                0x00000204                UsageFault_Handler
                0x0000020c                SVC_Handler
                0x00000214                DebugMon_Handler
                0x0000021c                PendSV_Handler
                0x0000022c                UART1_IRQHandler
                0x0000022c                EINT3_IRQHandler
                0x0000022c                CANActivity_IRQHandler
                0x0000022c                TIMER3_IRQHandler
                0x0000022c                UART0_IRQHandler
                0x0000022c                USBActivity_IRQHandler
                0x0000022c                EINT2_IRQHandler
                0x0000022c                IntDefaultHandler
                0x0000022c                PLL0_IRQHandler
                0x0000022c                I2C0_IRQHandler
                0x0000022c                PLL1_IRQHandler
                0x0000022c                I2C1_IRQHandler
                0x0000022c                I2S_IRQHandler
                0x0000022c                I2C2_IRQHandler
                0x0000022c                RTC_IRQHandler
                0x0000022c                SPI_IRQHandler
                0x0000022c                RIT_IRQHandler
                0x0000022c                EINT1_IRQHandler
                0x0000022c                UART2_IRQHandler
                0x0000022c                ADC_IRQHandler
                0x0000022c                SSP1_IRQHandler
                0x0000022c                USB_IRQHandler
                0x0000022c                BOD_IRQHandler
                0x0000022c                PWM1_IRQHandler
                0x0000022c                WDT_IRQHandler
                0x0000022c                SSP0_IRQHandler
                0x0000022c                QEI_IRQHandler
                0x0000022c                EINT0_IRQHandler
                0x0000022c                CAN_IRQHandler
                0x0000022c                DMA_IRQHandler
                0x0000022c                TIMER2_IRQHandler
                0x0000022c                UART3_IRQHandler
                0x0000022c                MCPWM_IRQHandler
                0x0000022c                ENET_IRQHandler
                0x000002fc                . = 0x2fc
 *fill*         0x00000234       0xc8 ff
                0x000002fc                PROVIDE (__CRP_WORD_START__, .)
 *(.crp)
 .crp           0x000002fc        0x4 ./src/crp.o
                0x000002fc                CRP_WORD
                0x00000300                PROVIDE (__CRP_WORD_END__, .)
                0x00000001                ASSERT (! ((__CRP_WORD_START__ == __CRP_WORD_END__)), Linker CRP Enabled, but no CRP_WORD provided within application)
 *(.text*)
 .text.inic_timer1
                0x00000300       0x90 ./src/timers/timers.o
                0x00000300                inic_timer1
 .text.inic_systick
                0x00000390       0x4c ./src/systick/inic_systic.o
                0x00000390                inic_systick
 .text.TIMER0_IRQHandler
                0x000003dc       0x1c ./src/interrupciones/interrupciones.o
                0x000003dc                TIMER0_IRQHandler
 .text.TIMER1_IRQHandler
                0x000003f8       0x28 ./src/interrupciones/interrupciones.o
                0x000003f8                TIMER1_IRQHandler
 .text.SysTick_Handler
                0x00000420       0x18 ./src/interrupciones/interrupciones.o
                0x00000420                SysTick_Handler
 .text.barrido_display
                0x00000438       0xec ./src/expansion3/7seg_Exp3.o
                0x00000438                barrido_display
 .text.display  0x00000524       0x64 ./src/expansion3/7seg_Exp3.o
                0x00000524                display
 .text.teclado_hw
                0x00000588       0xd4 ./src/expansion3/teclado_exp3.o
                0x00000588                teclado_hw
 .text.teclado_sw
                0x0000065c       0x64 ./src/expansion3/teclado_exp3.o
                0x0000065c                teclado_sw
 .text.Tecla    0x000006c0       0x58 ./src/expansion3/teclado_exp3.o
                0x000006c0                Tecla
 .text.InitGPIOs_Exp3
                0x00000718      0x10c ./src/expansion3/teclado_exp3.o
                0x00000718                InitGPIOs_Exp3
 .text.capturar_y_mostrar_codigo
                0x00000824      0x154 ./src/codigo_personal/codigo_personal.o
                0x00000824                capturar_y_mostrar_codigo
 .text.get_codigo_personal
                0x00000978       0x78 ./src/codigo_personal/codigo_personal.o
                0x00000978                get_codigo_personal
 .text.my_pow   0x000009f0       0x50 ./src/codigo_personal/codigo_personal.o
                0x000009f0                my_pow
 .text.set_pinsel
                0x00000a40       0x88 ./src/GPIO/FW_GPIO.o
                0x00000a40                set_pinsel
 .text.set_dir  0x00000ac8       0x70 ./src/GPIO/FW_GPIO.o
                0x00000ac8                set_dir
 .text.set_pin  0x00000b38       0x74 ./src/GPIO/FW_GPIO.o
                0x00000b38                set_pin
 .text.get_pin  0x00000bac       0x4c ./src/GPIO/FW_GPIO.o
                0x00000bac                get_pin
 .text.set_pinmodeOD
                0x00000bf8       0x60 ./src/GPIO/FW_GPIO.o
                0x00000bf8                set_pinmodeOD
 .text.InicPLL  0x00000c58      0x140 ./src/FW_InitOscilador.o
                0x00000c58                InicPLL
 .text.main     0x00000d98       0x5c ./src/test.o
                0x00000d98                main
 .text.__weak_main
                0x00000df4        0x4 e:/lpcxpresso_8.2.2_650/lpcxpresso/tools/bin/../lib/gcc/arm-none-eabi/5.4.1/../../../../arm-none-eabi/lib/armv7-m\libcr_c.a(__weak__main.o)
                0x00000df4                __weak_main
                0x00000df4                __main
 *(.rodata .rodata.* .constdata .constdata.*)
                0x00000df8                . = ALIGN (0x4)

.glue_7         0x00000df8        0x0
 .glue_7        0x00000df8        0x0 linker stubs

.glue_7t        0x00000df8        0x0
 .glue_7t       0x00000df8        0x0 linker stubs

.vfp11_veneer   0x00000df8        0x0
 .vfp11_veneer  0x00000df8        0x0 linker stubs

.v4_bx          0x00000df8        0x0
 .v4_bx         0x00000df8        0x0 linker stubs

.iplt           0x00000df8        0x0
 .iplt          0x00000df8        0x0 ./src/timers/timers.o

.rel.dyn        0x00000df8        0x0
 .rel.iplt      0x00000df8        0x0 ./src/timers/timers.o

.ARM.extab
 *(.ARM.extab* .gnu.linkonce.armextab.*)
                0x00000df8                __exidx_start = .

.ARM.exidx
 *(.ARM.exidx* .gnu.linkonce.armexidx.*)
                0x00000df8                __exidx_end = .
                0x00000df8                _etext = .

.data_RAM2      0x2007c000        0x0 load address 0x00000df8
 FILL mask 0xff
                [!provide]                PROVIDE (__start_data_RAM2, .)
 *(.ramfunc.$RAM2)
 *(.ramfunc.$RamAHB32)
 *(.data.$RAM2*)
 *(.data.$RamAHB32*)
                0x2007c000                . = ALIGN (0x4)
                [!provide]                PROVIDE (__end_data_RAM2, .)

.uninit_RESERVED
                0x10000000        0x0
 *(.bss.$RESERVED*)
                0x10000000                . = ALIGN (0x4)
                0x10000000                _end_uninit_RESERVED = .

.data           0x10000000        0x8 load address 0x00000df8
 FILL mask 0xff
                0x10000000                _data = .
 *(vtable)
 *(.ramfunc*)
 *(.data*)
 .data.buff_key
                0x10000000        0x1 ./src/expansion3/teclado_exp3.o
                0x10000000                buff_key
 .data.cod_ant.3774
                0x10000001        0x1 ./src/expansion3/teclado_exp3.o
 .data.contador.3775
                0x10000002        0x1 ./src/expansion3/teclado_exp3.o
 .data.key_ant.3780
                0x10000003        0x1 ./src/expansion3/teclado_exp3.o
 .data.resultado
                0x10000004        0x1 ./src/codigo_personal/codigo_personal.o
                0x10000004                resultado
 .data.inic.3774
                0x10000005        0x1 ./src/codigo_personal/codigo_personal.o
 .data.estado.3780
                0x10000006        0x1 ./src/codigo_personal/codigo_personal.o
                0x10000008                . = ALIGN (0x4)
 *fill*         0x10000007        0x1 ff
                0x10000008                _edata = .

.igot.plt       0x10000008        0x0 load address 0x00000e00
 .igot.plt      0x10000008        0x0 ./src/timers/timers.o

.bss_RAM2       0x2007c000        0x0
                [!provide]                PROVIDE (__start_bss_RAM2, .)
 *(.bss.$RAM2*)
 *(.bss.$RamAHB32*)
                0x2007c000                . = ALIGN ((. != 0x0)?0x4:0x1)
                [!provide]                PROVIDE (__end_bss_RAM2, .)

.bss            0x10000008       0x14
                0x10000008                _bss = .
 *(.bss*)
 .bss.msgDisplay
                0x10000008        0x6 ./src/expansion3/7seg_Exp3.o
                0x10000008                msgDisplay
 .bss.i.3771    0x1000000e        0x1 ./src/expansion3/7seg_Exp3.o
 *fill*         0x1000000f        0x1 
 .bss.codigo    0x10000010        0x4 ./src/codigo_personal/codigo_personal.o
                0x10000010                codigo
 .bss.habilitar
                0x10000014        0x1 ./src/codigo_personal/codigo_personal.o
                0x10000014                habilitar
 .bss.timer_ingreso_codigo
                0x10000015        0x1 ./src/codigo_personal/codigo_personal.o
                0x10000015                timer_ingreso_codigo
 .bss.digito.3775
                0x10000016        0x1 ./src/codigo_personal/codigo_personal.o
 *fill*         0x10000017        0x1 
 .bss.i.3770    0x10000018        0x4 ./src/test.o
 *(COMMON)
                0x1000001c                . = ALIGN (0x4)
                0x1000001c                _ebss = .
                [!provide]                PROVIDE (end, .)

.noinit_RAM2    0x2007c000        0x0
 *(.noinit.$RAM2*)
 *(.noinit.$RamAHB32*)
                0x2007c000                . = ALIGN (0x4)

.noinit         0x1000001c        0x0
                0x1000001c                _noinit = .
 *(.noinit*)
                0x1000001c                . = ALIGN (0x4)
                0x1000001c                _end_noinit = .
                [!provide]                PROVIDE (_pvHeapStart, DEFINED (__user_heap_base)?__user_heap_base:.)
                0x10008000                PROVIDE (_vStackTop, DEFINED (__user_stack_top)?__user_stack_top:(__top_RamLoc32 - 0x0))
                0xefff74c6                PROVIDE (__valid_user_code_checksum, (0x0 - ((((((_vStackTop + (ResetISR + 0x1)) + (NMI_Handler + 0x1)) + (HardFault_Handler + 0x1)) + (DEFINED (MemManage_Handler)?MemManage_Handler:0x0 + 0x1)) + (DEFINED (BusFault_Handler)?BusFault_Handler:0x0 + 0x1)) + (DEFINED (UsageFault_Handler)?UsageFault_Handler:0x0 + 0x1))))
OUTPUT(test.axf elf32-littlearm)

.debug_info     0x00000000      0xb3a
 .debug_info    0x00000000       0x6c ./src/timers/timers.o
 .debug_info    0x0000006c      0x138 ./src/systick/inic_systic.o
 .debug_info    0x000001a4       0x98 ./src/interrupciones/interrupciones.o
 .debug_info    0x0000023c      0x11a ./src/expansion3/7seg_Exp3.o
 .debug_info    0x00000356      0x105 ./src/expansion3/teclado_exp3.o
 .debug_info    0x0000045b      0x16c ./src/codigo_personal/codigo_personal.o
 .debug_info    0x000005c7      0x207 ./src/GPIO/FW_GPIO.o
 .debug_info    0x000007ce       0x5b ./src/FW_InitOscilador.o
 .debug_info    0x00000829      0x253 ./src/cr_startup_lpc175x_6x.o
 .debug_info    0x00000a7c       0x3f ./src/crp.o
 .debug_info    0x00000abb       0x7f ./src/test.o

.debug_abbrev   0x00000000      0x658
 .debug_abbrev  0x00000000       0x47 ./src/timers/timers.o
 .debug_abbrev  0x00000047       0xd8 ./src/systick/inic_systic.o
 .debug_abbrev  0x0000011f       0x77 ./src/interrupciones/interrupciones.o
 .debug_abbrev  0x00000196       0xab ./src/expansion3/7seg_Exp3.o
 .debug_abbrev  0x00000241       0xdc ./src/expansion3/teclado_exp3.o
 .debug_abbrev  0x0000031d       0xc2 ./src/codigo_personal/codigo_personal.o
 .debug_abbrev  0x000003df       0x9b ./src/GPIO/FW_GPIO.o
 .debug_abbrev  0x0000047a       0x47 ./src/FW_InitOscilador.o
 .debug_abbrev  0x000004c1       0xf5 ./src/cr_startup_lpc175x_6x.o
 .debug_abbrev  0x000005b6       0x36 ./src/crp.o
 .debug_abbrev  0x000005ec       0x6c ./src/test.o

.debug_aranges  0x00000000      0x238
 .debug_aranges
                0x00000000       0x28 ./src/timers/timers.o
 .debug_aranges
                0x00000028       0x20 ./src/systick/inic_systic.o
 .debug_aranges
                0x00000048       0x30 ./src/interrupciones/interrupciones.o
 .debug_aranges
                0x00000078       0x30 ./src/expansion3/7seg_Exp3.o
 .debug_aranges
                0x000000a8       0x38 ./src/expansion3/teclado_exp3.o
 .debug_aranges
                0x000000e0       0x30 ./src/codigo_personal/codigo_personal.o
 .debug_aranges
                0x00000110       0x50 ./src/GPIO/FW_GPIO.o
 .debug_aranges
                0x00000160       0x20 ./src/FW_InitOscilador.o
 .debug_aranges
                0x00000180       0x80 ./src/cr_startup_lpc175x_6x.o
 .debug_aranges
                0x00000200       0x18 ./src/crp.o
 .debug_aranges
                0x00000218       0x20 ./src/test.o

.debug_ranges   0x00000000      0x180
 .debug_ranges  0x00000000       0x18 ./src/timers/timers.o
 .debug_ranges  0x00000018       0x10 ./src/systick/inic_systic.o
 .debug_ranges  0x00000028       0x20 ./src/interrupciones/interrupciones.o
 .debug_ranges  0x00000048       0x20 ./src/expansion3/7seg_Exp3.o
 .debug_ranges  0x00000068       0x28 ./src/expansion3/teclado_exp3.o
 .debug_ranges  0x00000090       0x20 ./src/codigo_personal/codigo_personal.o
 .debug_ranges  0x000000b0       0x40 ./src/GPIO/FW_GPIO.o
 .debug_ranges  0x000000f0       0x10 ./src/FW_InitOscilador.o
 .debug_ranges  0x00000100       0x70 ./src/cr_startup_lpc175x_6x.o
 .debug_ranges  0x00000170       0x10 ./src/test.o

.debug_macro    0x00000000     0x1847
 .debug_macro   0x00000000       0x78 ./src/timers/timers.o
 .debug_macro   0x00000078      0x886 ./src/timers/timers.o
 .debug_macro   0x000008fe      0x711 ./src/timers/timers.o
 .debug_macro   0x0000100f       0xfa ./src/timers/timers.o
 .debug_macro   0x00001109       0x64 ./src/timers/timers.o
 .debug_macro   0x0000116d       0xbe ./src/timers/timers.o
 .debug_macro   0x0000122b      0x178 ./src/timers/timers.o
 .debug_macro   0x000013a3       0x78 ./src/systick/inic_systic.o
 .debug_macro   0x0000141b       0x78 ./src/interrupciones/interrupciones.o
 .debug_macro   0x00001493       0x78 ./src/expansion3/7seg_Exp3.o
 .debug_macro   0x0000150b       0x78 ./src/expansion3/teclado_exp3.o
 .debug_macro   0x00001583       0x81 ./src/codigo_personal/codigo_personal.o
 .debug_macro   0x00001604       0x3a ./src/codigo_personal/codigo_personal.o
 .debug_macro   0x0000163e       0x78 ./src/GPIO/FW_GPIO.o
 .debug_macro   0x000016b6       0x23 ./src/FW_InitOscilador.o
 .debug_macro   0x000016d9       0x1d ./src/cr_startup_lpc175x_6x.o
 .debug_macro   0x000016f6       0x1a ./src/crp.o
 .debug_macro   0x00001710       0x34 ./src/crp.o
 .debug_macro   0x00001744       0x81 ./src/test.o
 .debug_macro   0x000017c5       0x82 ./src/test.o

.debug_line     0x00000000     0x1d99
 .debug_line    0x00000000      0x334 ./src/timers/timers.o
 .debug_line    0x00000334      0x31b ./src/systick/inic_systic.o
 .debug_line    0x0000064f      0x343 ./src/interrupciones/interrupciones.o
 .debug_line    0x00000992      0x383 ./src/expansion3/7seg_Exp3.o
 .debug_line    0x00000d15      0x38f ./src/expansion3/teclado_exp3.o
 .debug_line    0x000010a4      0x3ba ./src/codigo_personal/codigo_personal.o
 .debug_line    0x0000145e      0x39d ./src/GPIO/FW_GPIO.o
 .debug_line    0x000017fb       0xe7 ./src/FW_InitOscilador.o
 .debug_line    0x000018e2       0xd4 ./src/cr_startup_lpc175x_6x.o
 .debug_line    0x000019b6       0x74 ./src/crp.o
 .debug_line    0x00001a2a      0x36f ./src/test.o

.debug_str      0x00000000     0x5082
 .debug_str     0x00000000     0x45e6 ./src/timers/timers.o
                               0x4614 (size before relaxing)
 .debug_str     0x000045e6       0x58 ./src/systick/inic_systic.o
                               0x4687 (size before relaxing)
 .debug_str     0x0000463e       0x78 ./src/interrupciones/interrupciones.o
                               0x465d (size before relaxing)
 .debug_str     0x000046b6       0x4f ./src/expansion3/7seg_Exp3.o
                               0x4644 (size before relaxing)
 .debug_str     0x00004705       0x76 ./src/expansion3/teclado_exp3.o
                               0x465a (size before relaxing)
 .debug_str     0x0000477b      0x17c ./src/codigo_personal/codigo_personal.o
                               0x4795 (size before relaxing)
 .debug_str     0x000048f7       0x72 ./src/GPIO/FW_GPIO.o
                               0x4666 (size before relaxing)
 .debug_str     0x00004969       0x22 ./src/FW_InitOscilador.o
                               0x3e7d (size before relaxing)
 .debug_str     0x0000498b      0x1b2 ./src/cr_startup_lpc175x_6x.o
                               0x2693 (size before relaxing)
 .debug_str     0x00004b3d       0xe9 ./src/crp.o
                               0x25ab (size before relaxing)
 .debug_str     0x00004c26      0x45c ./src/test.o
                               0x4a41 (size before relaxing)

.comment        0x00000000       0xdc
 .comment       0x00000000       0x6e ./src/timers/timers.o
                                 0x6f (size before relaxing)
 .comment       0x0000006e       0x6f ./src/systick/inic_systic.o
 .comment       0x0000006e       0x6f ./src/interrupciones/interrupciones.o
 .comment       0x0000006e       0x6f ./src/expansion3/7seg_Exp3.o
 .comment       0x0000006e       0x6f ./src/expansion3/teclado_exp3.o
 .comment       0x0000006e       0x6f ./src/codigo_personal/codigo_personal.o
 .comment       0x0000006e       0x6f ./src/GPIO/FW_GPIO.o
 .comment       0x0000006e       0x6f ./src/FW_InitOscilador.o
 .comment       0x0000006e       0x6f ./src/cr_startup_lpc175x_6x.o
 .comment       0x0000006e       0x6f ./src/crp.o
 .comment       0x0000006e       0x6f ./src/test.o
 .comment       0x0000006e       0x6e e:/lpcxpresso_8.2.2_650/lpcxpresso/tools/bin/../lib/gcc/arm-none-eabi/5.4.1/../../../../arm-none-eabi/lib/armv7-m\libcr_c.a(__weak__main.o)
                                 0x6f (size before relaxing)

.ARM.attributes
                0x00000000       0x33
 .ARM.attributes
                0x00000000       0x33 ./src/timers/timers.o
 .ARM.attributes
                0x00000033       0x33 ./src/systick/inic_systic.o
 .ARM.attributes
                0x00000066       0x33 ./src/interrupciones/interrupciones.o
 .ARM.attributes
                0x00000099       0x33 ./src/expansion3/7seg_Exp3.o
 .ARM.attributes
                0x000000cc       0x33 ./src/expansion3/teclado_exp3.o
 .ARM.attributes
                0x000000ff       0x33 ./src/codigo_personal/codigo_personal.o
 .ARM.attributes
                0x00000132       0x33 ./src/GPIO/FW_GPIO.o
 .ARM.attributes
                0x00000165       0x33 ./src/FW_InitOscilador.o
 .ARM.attributes
                0x00000198       0x33 ./src/cr_startup_lpc175x_6x.o
 .ARM.attributes
                0x000001cb       0x33 ./src/crp.o
 .ARM.attributes
                0x000001fe       0x33 ./src/test.o
 .ARM.attributes
                0x00000231       0x33 e:/lpcxpresso_8.2.2_650/lpcxpresso/tools/bin/../lib/gcc/arm-none-eabi/5.4.1/../../../../arm-none-eabi/lib/armv7-m\libcr_c.a(__weak__main.o)

.debug_frame    0x00000000      0x57c
 .debug_frame   0x00000000       0x50 ./src/timers/timers.o
 .debug_frame   0x00000050       0x30 ./src/systick/inic_systic.o
 .debug_frame   0x00000080       0x6c ./src/interrupciones/interrupciones.o
 .debug_frame   0x000000ec       0x7c ./src/expansion3/7seg_Exp3.o
 .debug_frame   0x00000168       0x98 ./src/expansion3/teclado_exp3.o
 .debug_frame   0x00000200       0x88 ./src/codigo_personal/codigo_personal.o
 .debug_frame   0x00000288      0x128 ./src/GPIO/FW_GPIO.o
 .debug_frame   0x000003b0       0x30 ./src/FW_InitOscilador.o
 .debug_frame   0x000003e0      0x170 ./src/cr_startup_lpc175x_6x.o
 .debug_frame   0x00000550       0x2c ./src/test.o
