Archive member included to satisfy reference by file (symbol)

e:/lpcxpresso_8.2.2_650/lpcxpresso/tools/bin/../lib/gcc/arm-none-eabi/5.4.1/../../../../arm-none-eabi/lib/armv7-m\libcr_c.a(__weak__main.o)
                              ./src/cr_startup_lpc175x_6x.o (__main)

Discarded input sections

 .group         0x00000000        0x8 ./src/timers/timers.o
 .group         0x00000000        0x8 ./src/timers/timers.o
 .group         0x00000000        0x8 ./src/timers/timers.o
 .group         0x00000000        0x8 ./src/timers/timers.o
 .group         0x00000000        0x8 ./src/timers/timers.o
 .group         0x00000000        0x8 ./src/timers/timers.o
 .text          0x00000000        0x0 ./src/timers/timers.o
 .data          0x00000000        0x0 ./src/timers/timers.o
 .bss           0x00000000        0x0 ./src/timers/timers.o
 .text.inic_timer0
                0x00000000       0xa4 ./src/timers/timers.o
 .debug_info    0x00000000       0x5b ./src/timers/timers.o
 .debug_abbrev  0x00000000       0x47 ./src/timers/timers.o
 .debug_aranges
                0x00000000       0x20 ./src/timers/timers.o
 .debug_ranges  0x00000000       0x10 ./src/timers/timers.o
 .debug_macro   0x00000000       0x74 ./src/timers/timers.o
 .debug_macro   0x00000000      0x886 ./src/timers/timers.o
 .debug_macro   0x00000000      0x527 ./src/timers/timers.o
 .debug_macro   0x00000000       0xb8 ./src/timers/timers.o
 .debug_macro   0x00000000       0x64 ./src/timers/timers.o
 .debug_macro   0x00000000      0x178 ./src/timers/timers.o
 .debug_macro   0x00000000       0xfa ./src/timers/timers.o
 .debug_line    0x00000000      0x2f9 ./src/timers/timers.o
 .debug_str     0x00000000     0x424a ./src/timers/timers.o
 .comment       0x00000000       0x6f ./src/timers/timers.o
 .debug_frame   0x00000000       0x2c ./src/timers/timers.o
 .ARM.attributes
                0x00000000       0x33 ./src/timers/timers.o
 .group         0x00000000        0x8 ./src/systick/inic_systic.o
 .group         0x00000000        0x8 ./src/systick/inic_systic.o
 .group         0x00000000        0x8 ./src/systick/inic_systic.o
 .group         0x00000000        0x8 ./src/systick/inic_systic.o
 .group         0x00000000        0x8 ./src/systick/inic_systic.o
 .group         0x00000000        0x8 ./src/systick/inic_systic.o
 .text          0x00000000        0x0 ./src/systick/inic_systic.o
 .data          0x00000000        0x0 ./src/systick/inic_systic.o
 .bss           0x00000000        0x0 ./src/systick/inic_systic.o
 .text.inic_systick
                0x00000000       0x4c ./src/systick/inic_systic.o
 .debug_info    0x00000000      0x138 ./src/systick/inic_systic.o
 .debug_abbrev  0x00000000       0xd8 ./src/systick/inic_systic.o
 .debug_aranges
                0x00000000       0x20 ./src/systick/inic_systic.o
 .debug_ranges  0x00000000       0x10 ./src/systick/inic_systic.o
 .debug_macro   0x00000000       0x74 ./src/systick/inic_systic.o
 .debug_macro   0x00000000      0x886 ./src/systick/inic_systic.o
 .debug_macro   0x00000000      0x527 ./src/systick/inic_systic.o
 .debug_macro   0x00000000       0xb8 ./src/systick/inic_systic.o
 .debug_macro   0x00000000       0x64 ./src/systick/inic_systic.o
 .debug_macro   0x00000000      0x178 ./src/systick/inic_systic.o
 .debug_macro   0x00000000       0xfa ./src/systick/inic_systic.o
 .debug_line    0x00000000      0x2fa ./src/systick/inic_systic.o
 .debug_str     0x00000000     0x42c9 ./src/systick/inic_systic.o
 .comment       0x00000000       0x6f ./src/systick/inic_systic.o
 .debug_frame   0x00000000       0x30 ./src/systick/inic_systic.o
 .ARM.attributes
                0x00000000       0x33 ./src/systick/inic_systic.o
 .group         0x00000000        0x8 ./src/kit_infotronic/FW_InitBaseBoard.o
 .group         0x00000000        0x8 ./src/kit_infotronic/FW_InitBaseBoard.o
 .group         0x00000000        0x8 ./src/kit_infotronic/FW_InitBaseBoard.o
 .group         0x00000000        0x8 ./src/kit_infotronic/FW_InitBaseBoard.o
 .group         0x00000000        0x8 ./src/kit_infotronic/FW_InitBaseBoard.o
 .group         0x00000000        0x8 ./src/kit_infotronic/FW_InitBaseBoard.o
 .text          0x00000000        0x0 ./src/kit_infotronic/FW_InitBaseBoard.o
 .data          0x00000000        0x0 ./src/kit_infotronic/FW_InitBaseBoard.o
 .bss           0x00000000        0x0 ./src/kit_infotronic/FW_InitBaseBoard.o
 .text.inic_GPIO
                0x00000000        0xc ./src/kit_infotronic/FW_InitBaseBoard.o
 .debug_info    0x00000000       0x50 ./src/kit_infotronic/FW_InitBaseBoard.o
 .debug_abbrev  0x00000000       0x3a ./src/kit_infotronic/FW_InitBaseBoard.o
 .debug_aranges
                0x00000000       0x20 ./src/kit_infotronic/FW_InitBaseBoard.o
 .debug_ranges  0x00000000       0x10 ./src/kit_infotronic/FW_InitBaseBoard.o
 .debug_macro   0x00000000       0x74 ./src/kit_infotronic/FW_InitBaseBoard.o
 .debug_macro   0x00000000      0x886 ./src/kit_infotronic/FW_InitBaseBoard.o
 .debug_macro   0x00000000      0x527 ./src/kit_infotronic/FW_InitBaseBoard.o
 .debug_macro   0x00000000       0xb8 ./src/kit_infotronic/FW_InitBaseBoard.o
 .debug_macro   0x00000000       0x64 ./src/kit_infotronic/FW_InitBaseBoard.o
 .debug_macro   0x00000000      0x178 ./src/kit_infotronic/FW_InitBaseBoard.o
 .debug_macro   0x00000000       0xfa ./src/kit_infotronic/FW_InitBaseBoard.o
 .debug_line    0x00000000      0x2ff ./src/kit_infotronic/FW_InitBaseBoard.o
 .debug_str     0x00000000     0x4251 ./src/kit_infotronic/FW_InitBaseBoard.o
 .comment       0x00000000       0x6f ./src/kit_infotronic/FW_InitBaseBoard.o
 .debug_frame   0x00000000       0x30 ./src/kit_infotronic/FW_InitBaseBoard.o
 .ARM.attributes
                0x00000000       0x33 ./src/kit_infotronic/FW_InitBaseBoard.o
 .group         0x00000000        0x8 ./src/interrupciones/interrupciones.o
 .group         0x00000000        0x8 ./src/interrupciones/interrupciones.o
 .group         0x00000000        0x8 ./src/interrupciones/interrupciones.o
 .group         0x00000000        0x8 ./src/interrupciones/interrupciones.o
 .group         0x00000000        0x8 ./src/interrupciones/interrupciones.o
 .group         0x00000000        0x8 ./src/interrupciones/interrupciones.o
 .text          0x00000000        0x0 ./src/interrupciones/interrupciones.o
 .data          0x00000000        0x0 ./src/interrupciones/interrupciones.o
 .bss           0x00000000        0x0 ./src/interrupciones/interrupciones.o
 .debug_macro   0x00000000      0x886 ./src/interrupciones/interrupciones.o
 .debug_macro   0x00000000      0x527 ./src/interrupciones/interrupciones.o
 .debug_macro   0x00000000       0xb8 ./src/interrupciones/interrupciones.o
 .debug_macro   0x00000000       0x64 ./src/interrupciones/interrupciones.o
 .debug_macro   0x00000000      0x178 ./src/interrupciones/interrupciones.o
 .debug_macro   0x00000000       0xfa ./src/interrupciones/interrupciones.o
 .group         0x00000000        0x8 ./src/expansion3/7seg_Exp3.o
 .group         0x00000000        0x8 ./src/expansion3/7seg_Exp3.o
 .group         0x00000000        0x8 ./src/expansion3/7seg_Exp3.o
 .group         0x00000000        0x8 ./src/expansion3/7seg_Exp3.o
 .group         0x00000000        0x8 ./src/expansion3/7seg_Exp3.o
 .group         0x00000000        0x8 ./src/expansion3/7seg_Exp3.o
 .text          0x00000000        0x0 ./src/expansion3/7seg_Exp3.o
 .data          0x00000000        0x0 ./src/expansion3/7seg_Exp3.o
 .bss           0x00000000        0x0 ./src/expansion3/7seg_Exp3.o
 .text.display_2dsp
                0x00000000       0x7c ./src/expansion3/7seg_Exp3.o
 .debug_macro   0x00000000      0x886 ./src/expansion3/7seg_Exp3.o
 .debug_macro   0x00000000      0x527 ./src/expansion3/7seg_Exp3.o
 .debug_macro   0x00000000       0xb8 ./src/expansion3/7seg_Exp3.o
 .debug_macro   0x00000000       0x64 ./src/expansion3/7seg_Exp3.o
 .debug_macro   0x00000000      0x178 ./src/expansion3/7seg_Exp3.o
 .debug_macro   0x00000000       0xfa ./src/expansion3/7seg_Exp3.o
 .group         0x00000000        0x8 ./src/expansion3/teclado_exp3.o
 .group         0x00000000        0x8 ./src/expansion3/teclado_exp3.o
 .group         0x00000000        0x8 ./src/expansion3/teclado_exp3.o
 .group         0x00000000        0x8 ./src/expansion3/teclado_exp3.o
 .group         0x00000000        0x8 ./src/expansion3/teclado_exp3.o
 .group         0x00000000        0x8 ./src/expansion3/teclado_exp3.o
 .text          0x00000000        0x0 ./src/expansion3/teclado_exp3.o
 .data          0x00000000        0x0 ./src/expansion3/teclado_exp3.o
 .bss           0x00000000        0x0 ./src/expansion3/teclado_exp3.o
 .text.teclado_hw
                0x00000000       0xd4 ./src/expansion3/teclado_exp3.o
 .text.teclado_sw
                0x00000000       0x6c ./src/expansion3/teclado_exp3.o
 .text.Tecla    0x00000000       0x24 ./src/expansion3/teclado_exp3.o
 .text.InitGPIOs_Exp3
                0x00000000      0x10c ./src/expansion3/teclado_exp3.o
 .data.cod_ant.3769
                0x00000000        0x1 ./src/expansion3/teclado_exp3.o
 .data.contador.3770
                0x00000000        0x1 ./src/expansion3/teclado_exp3.o
 .debug_info    0x00000000      0x118 ./src/expansion3/teclado_exp3.o
 .debug_abbrev  0x00000000      0x112 ./src/expansion3/teclado_exp3.o
 .debug_aranges
                0x00000000       0x38 ./src/expansion3/teclado_exp3.o
 .debug_ranges  0x00000000       0x28 ./src/expansion3/teclado_exp3.o
 .debug_macro   0x00000000       0x74 ./src/expansion3/teclado_exp3.o
 .debug_macro   0x00000000      0x886 ./src/expansion3/teclado_exp3.o
 .debug_macro   0x00000000      0x527 ./src/expansion3/teclado_exp3.o
 .debug_macro   0x00000000       0xb8 ./src/expansion3/teclado_exp3.o
 .debug_macro   0x00000000       0x64 ./src/expansion3/teclado_exp3.o
 .debug_macro   0x00000000      0x178 ./src/expansion3/teclado_exp3.o
 .debug_macro   0x00000000       0xfa ./src/expansion3/teclado_exp3.o
 .debug_line    0x00000000      0x36d ./src/expansion3/teclado_exp3.o
 .debug_str     0x00000000     0x42a5 ./src/expansion3/teclado_exp3.o
 .comment       0x00000000       0x6f ./src/expansion3/teclado_exp3.o
 .debug_frame   0x00000000       0x98 ./src/expansion3/teclado_exp3.o
 .ARM.attributes
                0x00000000       0x33 ./src/expansion3/teclado_exp3.o
 .group         0x00000000        0x8 ./src/GPIO/FW_GPIO.o
 .group         0x00000000        0x8 ./src/GPIO/FW_GPIO.o
 .group         0x00000000        0x8 ./src/GPIO/FW_GPIO.o
 .group         0x00000000        0x8 ./src/GPIO/FW_GPIO.o
 .group         0x00000000        0x8 ./src/GPIO/FW_GPIO.o
 .group         0x00000000        0x8 ./src/GPIO/FW_GPIO.o
 .text          0x00000000        0x0 ./src/GPIO/FW_GPIO.o
 .data          0x00000000        0x0 ./src/GPIO/FW_GPIO.o
 .bss           0x00000000        0x0 ./src/GPIO/FW_GPIO.o
 .text.set_pinsel
                0x00000000       0x88 ./src/GPIO/FW_GPIO.o
 .text.set_pinmode
                0x00000000       0x7c ./src/GPIO/FW_GPIO.o
 .text.set_dir  0x00000000       0x70 ./src/GPIO/FW_GPIO.o
 .text.get_pin  0x00000000       0x4c ./src/GPIO/FW_GPIO.o
 .text.toggle_pin
                0x00000000       0x90 ./src/GPIO/FW_GPIO.o
 .text.set_pinmodeOD
                0x00000000       0x60 ./src/GPIO/FW_GPIO.o
 .debug_macro   0x00000000      0x886 ./src/GPIO/FW_GPIO.o
 .debug_macro   0x00000000      0x527 ./src/GPIO/FW_GPIO.o
 .debug_macro   0x00000000       0xb8 ./src/GPIO/FW_GPIO.o
 .debug_macro   0x00000000       0x64 ./src/GPIO/FW_GPIO.o
 .debug_macro   0x00000000      0x178 ./src/GPIO/FW_GPIO.o
 .debug_macro   0x00000000       0xfa ./src/GPIO/FW_GPIO.o
 .group         0x00000000        0x8 ./src/ControlAcceso.o
 .group         0x00000000        0x8 ./src/ControlAcceso.o
 .group         0x00000000        0x8 ./src/ControlAcceso.o
 .group         0x00000000        0x8 ./src/ControlAcceso.o
 .group         0x00000000        0x8 ./src/ControlAcceso.o
 .group         0x00000000        0x8 ./src/ControlAcceso.o
 .group         0x00000000        0x8 ./src/ControlAcceso.o
 .text          0x00000000        0x0 ./src/ControlAcceso.o
 .data          0x00000000        0x0 ./src/ControlAcceso.o
 .bss           0x00000000        0x0 ./src/ControlAcceso.o
 .debug_macro   0x00000000      0x886 ./src/ControlAcceso.o
 .debug_macro   0x00000000      0x527 ./src/ControlAcceso.o
 .debug_macro   0x00000000       0xb8 ./src/ControlAcceso.o
 .debug_macro   0x00000000       0x64 ./src/ControlAcceso.o
 .debug_macro   0x00000000      0x178 ./src/ControlAcceso.o
 .debug_macro   0x00000000       0xfa ./src/ControlAcceso.o
 .group         0x00000000        0x8 ./src/FW_InitOscilador.o
 .group         0x00000000        0x8 ./src/FW_InitOscilador.o
 .group         0x00000000        0x8 ./src/FW_InitOscilador.o
 .text          0x00000000        0x0 ./src/FW_InitOscilador.o
 .data          0x00000000        0x0 ./src/FW_InitOscilador.o
 .bss           0x00000000        0x0 ./src/FW_InitOscilador.o
 .text.InicPLL  0x00000000      0x140 ./src/FW_InitOscilador.o
 .debug_info    0x00000000       0x5b ./src/FW_InitOscilador.o
 .debug_abbrev  0x00000000       0x47 ./src/FW_InitOscilador.o
 .debug_aranges
                0x00000000       0x20 ./src/FW_InitOscilador.o
 .debug_ranges  0x00000000       0x10 ./src/FW_InitOscilador.o
 .debug_macro   0x00000000       0x23 ./src/FW_InitOscilador.o
 .debug_macro   0x00000000      0x886 ./src/FW_InitOscilador.o
 .debug_macro   0x00000000       0xfa ./src/FW_InitOscilador.o
 .debug_macro   0x00000000      0x527 ./src/FW_InitOscilador.o
 .debug_line    0x00000000       0xf0 ./src/FW_InitOscilador.o
 .debug_str     0x00000000     0x3ae3 ./src/FW_InitOscilador.o
 .comment       0x00000000       0x6f ./src/FW_InitOscilador.o
 .debug_frame   0x00000000       0x30 ./src/FW_InitOscilador.o
 .ARM.attributes
                0x00000000       0x33 ./src/FW_InitOscilador.o
 .group         0x00000000        0x8 ./src/aplicacion.o
 .group         0x00000000        0x8 ./src/aplicacion.o
 .group         0x00000000        0x8 ./src/aplicacion.o
 .group         0x00000000        0x8 ./src/aplicacion.o
 .group         0x00000000        0x8 ./src/aplicacion.o
 .group         0x00000000        0x8 ./src/aplicacion.o
 .text          0x00000000        0x0 ./src/aplicacion.o
 .data          0x00000000        0x0 ./src/aplicacion.o
 .bss           0x00000000        0x0 ./src/aplicacion.o
 .text.Inicializar
                0x00000000       0x18 ./src/aplicacion.o
 .debug_info    0x00000000       0x69 ./src/aplicacion.o
 .debug_abbrev  0x00000000       0x5d ./src/aplicacion.o
 .debug_aranges
                0x00000000       0x20 ./src/aplicacion.o
 .debug_ranges  0x00000000       0x10 ./src/aplicacion.o
 .debug_macro   0x00000000       0x74 ./src/aplicacion.o
 .debug_macro   0x00000000      0x886 ./src/aplicacion.o
 .debug_macro   0x00000000      0x527 ./src/aplicacion.o
 .debug_macro   0x00000000       0xb8 ./src/aplicacion.o
 .debug_macro   0x00000000       0x64 ./src/aplicacion.o
 .debug_macro   0x00000000      0x178 ./src/aplicacion.o
 .debug_macro   0x00000000       0xfa ./src/aplicacion.o
 .debug_line    0x00000000      0x2fe ./src/aplicacion.o
 .debug_str     0x00000000     0x4254 ./src/aplicacion.o
 .comment       0x00000000       0x6f ./src/aplicacion.o
 .debug_frame   0x00000000       0x2c ./src/aplicacion.o
 .ARM.attributes
                0x00000000       0x33 ./src/aplicacion.o
 .group         0x00000000        0x8 ./src/cr_startup_lpc175x_6x.o
 .text          0x00000000        0x0 ./src/cr_startup_lpc175x_6x.o
 .data          0x00000000        0x0 ./src/cr_startup_lpc175x_6x.o
 .bss           0x00000000        0x0 ./src/cr_startup_lpc175x_6x.o
 .debug_macro   0x00000000      0x886 ./src/cr_startup_lpc175x_6x.o
 .group         0x00000000        0x8 ./src/crp.o
 .group         0x00000000        0x8 ./src/crp.o
 .text          0x00000000        0x0 ./src/crp.o
 .data          0x00000000        0x0 ./src/crp.o
 .bss           0x00000000        0x0 ./src/crp.o
 .debug_macro   0x00000000      0x886 ./src/crp.o
 .text          0x00000000        0x0 e:/lpcxpresso_8.2.2_650/lpcxpresso/tools/bin/../lib/gcc/arm-none-eabi/5.4.1/../../../../arm-none-eabi/lib/armv7-m\libcr_c.a(__weak__main.o)
 .data          0x00000000        0x0 e:/lpcxpresso_8.2.2_650/lpcxpresso/tools/bin/../lib/gcc/arm-none-eabi/5.4.1/../../../../arm-none-eabi/lib/armv7-m\libcr_c.a(__weak__main.o)
 .bss           0x00000000        0x0 e:/lpcxpresso_8.2.2_650/lpcxpresso/tools/bin/../lib/gcc/arm-none-eabi/5.4.1/../../../../arm-none-eabi/lib/armv7-m\libcr_c.a(__weak__main.o)

Memory Configuration

Name             Origin             Length             Attributes
MFlash512        0x00000000         0x00080000         xr
RamLoc32         0x10000000         0x00008000         xrw
RamAHB32         0x2007c000         0x00008000         xrw
*default*        0x00000000         0xffffffff

Linker script and memory map

LOAD ./src/timers/timers.o
LOAD ./src/systick/inic_systic.o
LOAD ./src/kit_infotronic/FW_InitBaseBoard.o
LOAD ./src/interrupciones/interrupciones.o
LOAD ./src/expansion3/7seg_Exp3.o
LOAD ./src/expansion3/teclado_exp3.o
LOAD ./src/GPIO/FW_GPIO.o
LOAD ./src/ControlAcceso.o
LOAD ./src/FW_InitOscilador.o
LOAD ./src/aplicacion.o
LOAD ./src/cr_startup_lpc175x_6x.o
LOAD ./src/crp.o
START GROUP
LOAD e:/lpcxpresso_8.2.2_650/lpcxpresso/tools/bin/../lib/gcc/arm-none-eabi/5.4.1/../../../../arm-none-eabi/lib/armv7-m\libcr_c.a
LOAD e:/lpcxpresso_8.2.2_650/lpcxpresso/tools/bin/../lib/gcc/arm-none-eabi/5.4.1/armv7-m\libcr_eabihelpers.a
END GROUP
                0x00000000                __base_MFlash512 = 0x0
                0x00000000                __base_Flash = 0x0
                0x00080000                __top_MFlash512 = 0x80000
                0x00080000                __top_Flash = 0x80000
                0x10000000                __base_RamLoc32 = 0x10000000
                0x10000000                __base_RAM = 0x10000000
                0x10008000                __top_RamLoc32 = 0x10008000
                0x10008000                __top_RAM = 0x10008000
                0x2007c000                __base_RamAHB32 = 0x2007c000
                0x2007c000                __base_RAM2 = 0x2007c000
                0x20084000                __top_RamAHB32 = 0x20084000
                0x20084000                __top_RAM2 = 0x20084000

.text           0x00000000      0x52c
 FILL mask 0xff
                0x00000000                __vectors_start__ = ABSOLUTE (.)
 *(.isr_vector)
 .isr_vector    0x00000000       0xcc ./src/cr_startup_lpc175x_6x.o
                0x00000000                g_pfnVectors
                0x000000cc                . = ALIGN (0x4)
                0x000000cc                __section_table_start = .
                0x000000cc                __data_section_table = .
                0x000000cc        0x4 LONG 0x52c LOADADDR (.data)
                0x000000d0        0x4 LONG 0x10000000 ADDR (.data)
                0x000000d4        0x4 LONG 0x0 SIZEOF (.data)
                0x000000d8        0x4 LONG 0x52c LOADADDR (.data_RAM2)
                0x000000dc        0x4 LONG 0x2007c000 ADDR (.data_RAM2)
                0x000000e0        0x4 LONG 0x0 SIZEOF (.data_RAM2)
                0x000000e4                __data_section_table_end = .
                0x000000e4                __bss_section_table = .
                0x000000e4        0x4 LONG 0x10000000 ADDR (.bss)
                0x000000e8        0x4 LONG 0x10 SIZEOF (.bss)
                0x000000ec        0x4 LONG 0x2007c000 ADDR (.bss_RAM2)
                0x000000f0        0x4 LONG 0x0 SIZEOF (.bss_RAM2)
                0x000000f4                __bss_section_table_end = .
                0x000000f4                __section_table_end = .
 *(.after_vectors*)
 .after_vectors
                0x000000f4      0x140 ./src/cr_startup_lpc175x_6x.o
                0x000000f4                data_init
                0x00000138                bss_init
                0x00000170                ResetISR
                0x000001e4                NMI_Handler
                0x000001ec                HardFault_Handler
                0x000001f4                MemManage_Handler
                0x000001fc                BusFault_Handler
                0x00000204                UsageFault_Handler
                0x0000020c                SVC_Handler
                0x00000214                DebugMon_Handler
                0x0000021c                PendSV_Handler
                0x0000022c                UART1_IRQHandler
                0x0000022c                EINT3_IRQHandler
                0x0000022c                CANActivity_IRQHandler
                0x0000022c                TIMER3_IRQHandler
                0x0000022c                UART0_IRQHandler
                0x0000022c                USBActivity_IRQHandler
                0x0000022c                EINT2_IRQHandler
                0x0000022c                IntDefaultHandler
                0x0000022c                PLL0_IRQHandler
                0x0000022c                I2C0_IRQHandler
                0x0000022c                PLL1_IRQHandler
                0x0000022c                I2C1_IRQHandler
                0x0000022c                I2S_IRQHandler
                0x0000022c                I2C2_IRQHandler
                0x0000022c                RTC_IRQHandler
                0x0000022c                SPI_IRQHandler
                0x0000022c                RIT_IRQHandler
                0x0000022c                EINT1_IRQHandler
                0x0000022c                TIMER1_IRQHandler
                0x0000022c                UART2_IRQHandler
                0x0000022c                ADC_IRQHandler
                0x0000022c                SSP1_IRQHandler
                0x0000022c                USB_IRQHandler
                0x0000022c                BOD_IRQHandler
                0x0000022c                PWM1_IRQHandler
                0x0000022c                WDT_IRQHandler
                0x0000022c                SSP0_IRQHandler
                0x0000022c                QEI_IRQHandler
                0x0000022c                EINT0_IRQHandler
                0x0000022c                CAN_IRQHandler
                0x0000022c                DMA_IRQHandler
                0x0000022c                TIMER2_IRQHandler
                0x0000022c                UART3_IRQHandler
                0x0000022c                MCPWM_IRQHandler
                0x0000022c                ENET_IRQHandler
                0x000002fc                . = 0x2fc
 *fill*         0x00000234       0xc8 ff
                0x000002fc                PROVIDE (__CRP_WORD_START__, .)
 *(.crp)
 .crp           0x000002fc        0x4 ./src/crp.o
                0x000002fc                CRP_WORD
                0x00000300                PROVIDE (__CRP_WORD_END__, .)
                0x00000001                ASSERT (! ((__CRP_WORD_START__ == __CRP_WORD_END__)), Linker CRP Enabled, but no CRP_WORD provided within application)
 *(.text*)
 .text.TIMER0_IRQHandler
                0x00000300       0x44 ./src/interrupciones/interrupciones.o
                0x00000300                TIMER0_IRQHandler
 .text.SysTick_Handler
                0x00000344        0xc ./src/interrupciones/interrupciones.o
                0x00000344                SysTick_Handler
 .text.barrido_display
                0x00000350       0xec ./src/expansion3/7seg_Exp3.o
                0x00000350                barrido_display
 .text.display  0x0000043c       0x64 ./src/expansion3/7seg_Exp3.o
                0x0000043c                display
 .text.set_pin  0x000004a0       0x74 ./src/GPIO/FW_GPIO.o
                0x000004a0                set_pin
 .text.main     0x00000514       0x14 ./src/ControlAcceso.o
                0x00000514                main
 .text.__weak_main
                0x00000528        0x4 e:/lpcxpresso_8.2.2_650/lpcxpresso/tools/bin/../lib/gcc/arm-none-eabi/5.4.1/../../../../arm-none-eabi/lib/armv7-m\libcr_c.a(__weak__main.o)
                0x00000528                __weak_main
                0x00000528                __main
 *(.rodata .rodata.* .constdata .constdata.*)
                0x0000052c                . = ALIGN (0x4)

.glue_7         0x0000052c        0x0
 .glue_7        0x0000052c        0x0 linker stubs

.glue_7t        0x0000052c        0x0
 .glue_7t       0x0000052c        0x0 linker stubs

.vfp11_veneer   0x0000052c        0x0
 .vfp11_veneer  0x0000052c        0x0 linker stubs

.v4_bx          0x0000052c        0x0
 .v4_bx         0x0000052c        0x0 linker stubs

.iplt           0x0000052c        0x0
 .iplt          0x0000052c        0x0 ./src/timers/timers.o

.rel.dyn        0x0000052c        0x0
 .rel.iplt      0x0000052c        0x0 ./src/timers/timers.o

.ARM.extab
 *(.ARM.extab* .gnu.linkonce.armextab.*)
                0x0000052c                __exidx_start = .

.ARM.exidx
 *(.ARM.exidx* .gnu.linkonce.armexidx.*)
                0x0000052c                __exidx_end = .
                0x0000052c                _etext = .

.data_RAM2      0x2007c000        0x0 load address 0x0000052c
 FILL mask 0xff
                [!provide]                PROVIDE (__start_data_RAM2, .)
 *(.ramfunc.$RAM2)
 *(.ramfunc.$RamAHB32)
 *(.data.$RAM2*)
 *(.data.$RamAHB32*)
                0x2007c000                . = ALIGN (0x4)
                [!provide]                PROVIDE (__end_data_RAM2, .)

.uninit_RESERVED
                0x10000000        0x0
 *(.bss.$RESERVED*)
                0x10000000                . = ALIGN (0x4)
                0x10000000                _end_uninit_RESERVED = .

.data           0x10000000        0x0 load address 0x0000052c
 FILL mask 0xff
                0x10000000                _data = .
 *(vtable)
 *(.ramfunc*)
 *(.data*)
                0x10000000                . = ALIGN (0x4)
                0x10000000                _edata = .

.igot.plt       0x10000000        0x0 load address 0x0000052c
 .igot.plt      0x10000000        0x0 ./src/timers/timers.o

.bss_RAM2       0x2007c000        0x0
                [!provide]                PROVIDE (__start_bss_RAM2, .)
 *(.bss.$RAM2*)
 *(.bss.$RamAHB32*)
                0x2007c000                . = ALIGN ((. != 0x0)?0x4:0x1)
                [!provide]                PROVIDE (__end_bss_RAM2, .)

.bss            0x10000000       0x10
                0x10000000                _bss = .
 *(.bss*)
 .bss.i.3766    0x10000000        0x1 ./src/expansion3/7seg_Exp3.o
 *fill*         0x10000001        0x3 
 .bss.msgDisplay
                0x10000004        0x6 ./src/ControlAcceso.o
                0x10000004                msgDisplay
 *fill*         0x1000000a        0x2 
 .bss.i.3766    0x1000000c        0x4 ./src/ControlAcceso.o
 *(COMMON)
                0x10000010                . = ALIGN (0x4)
                0x10000010                _ebss = .
                [!provide]                PROVIDE (end, .)

.noinit_RAM2    0x2007c000        0x0
 *(.noinit.$RAM2*)
 *(.noinit.$RamAHB32*)
                0x2007c000                . = ALIGN (0x4)

.noinit         0x10000010        0x0
                0x10000010                _noinit = .
 *(.noinit*)
                0x10000010                . = ALIGN (0x4)
                0x10000010                _end_noinit = .
                [!provide]                PROVIDE (_pvHeapStart, DEFINED (__user_heap_base)?__user_heap_base:.)
                0x10008000                PROVIDE (_vStackTop, DEFINED (__user_stack_top)?__user_stack_top:(__top_RamLoc32 - 0x0))
                0xefff74c6                PROVIDE (__valid_user_code_checksum, (0x0 - ((((((_vStackTop + (ResetISR + 0x1)) + (NMI_Handler + 0x1)) + (HardFault_Handler + 0x1)) + (DEFINED (MemManage_Handler)?MemManage_Handler:0x0 + 0x1)) + (DEFINED (BusFault_Handler)?BusFault_Handler:0x0 + 0x1)) + (DEFINED (UsageFault_Handler)?UsageFault_Handler:0x0 + 0x1))))
OUTPUT(ControlAcceso.axf elf32-littlearm)

.debug_info     0x00000000      0x6ea
 .debug_info    0x00000000       0x98 ./src/interrupciones/interrupciones.o
 .debug_info    0x00000098      0x108 ./src/expansion3/7seg_Exp3.o
 .debug_info    0x000001a0      0x207 ./src/GPIO/FW_GPIO.o
 .debug_info    0x000003a7       0xb1 ./src/ControlAcceso.o
 .debug_info    0x00000458      0x253 ./src/cr_startup_lpc175x_6x.o
 .debug_info    0x000006ab       0x3f ./src/crp.o

.debug_abbrev   0x00000000      0x36d
 .debug_abbrev  0x00000000       0x71 ./src/interrupciones/interrupciones.o
 .debug_abbrev  0x00000071       0xa7 ./src/expansion3/7seg_Exp3.o
 .debug_abbrev  0x00000118       0x9b ./src/GPIO/FW_GPIO.o
 .debug_abbrev  0x000001b3       0x8f ./src/ControlAcceso.o
 .debug_abbrev  0x00000242       0xf5 ./src/cr_startup_lpc175x_6x.o
 .debug_abbrev  0x00000337       0x36 ./src/crp.o

.debug_aranges  0x00000000      0x160
 .debug_aranges
                0x00000000       0x28 ./src/interrupciones/interrupciones.o
 .debug_aranges
                0x00000028       0x30 ./src/expansion3/7seg_Exp3.o
 .debug_aranges
                0x00000058       0x50 ./src/GPIO/FW_GPIO.o
 .debug_aranges
                0x000000a8       0x20 ./src/ControlAcceso.o
 .debug_aranges
                0x000000c8       0x80 ./src/cr_startup_lpc175x_6x.o
 .debug_aranges
                0x00000148       0x18 ./src/crp.o

.debug_ranges   0x00000000       0xf8
 .debug_ranges  0x00000000       0x18 ./src/interrupciones/interrupciones.o
 .debug_ranges  0x00000018       0x20 ./src/expansion3/7seg_Exp3.o
 .debug_ranges  0x00000038       0x40 ./src/GPIO/FW_GPIO.o
 .debug_ranges  0x00000078       0x10 ./src/ControlAcceso.o
 .debug_ranges  0x00000088       0x70 ./src/cr_startup_lpc175x_6x.o

.debug_macro    0x00000000      0x2c6
 .debug_macro   0x00000000       0x74 ./src/interrupciones/interrupciones.o
 .debug_macro   0x00000074       0x74 ./src/expansion3/7seg_Exp3.o
 .debug_macro   0x000000e8       0x74 ./src/GPIO/FW_GPIO.o
 .debug_macro   0x0000015c       0x7d ./src/ControlAcceso.o
 .debug_macro   0x000001d9       0x82 ./src/ControlAcceso.o
 .debug_macro   0x0000025b       0x1d ./src/cr_startup_lpc175x_6x.o
 .debug_macro   0x00000278       0x1a ./src/crp.o
 .debug_macro   0x00000292       0x34 ./src/crp.o

.debug_line     0x00000000      0xe83
 .debug_line    0x00000000      0x314 ./src/interrupciones/interrupciones.o
 .debug_line    0x00000314      0x362 ./src/expansion3/7seg_Exp3.o
 .debug_line    0x00000676      0x37c ./src/GPIO/FW_GPIO.o
 .debug_line    0x000009f2      0x349 ./src/ControlAcceso.o
 .debug_line    0x00000d3b       0xd4 ./src/cr_startup_lpc175x_6x.o
 .debug_line    0x00000e0f       0x74 ./src/crp.o

.debug_str      0x00000000     0x4a12
 .debug_str     0x00000000     0x4256 ./src/interrupciones/interrupciones.o
                               0x4284 (size before relaxing)
 .debug_str     0x00004256       0x43 ./src/expansion3/7seg_Exp3.o
                               0x427d (size before relaxing)
 .debug_str     0x00004299       0x79 ./src/GPIO/FW_GPIO.o
                               0x42a8 (size before relaxing)
 .debug_str     0x00004312      0x465 ./src/ControlAcceso.o
                               0x469f (size before relaxing)
 .debug_str     0x00004777      0x1b2 ./src/cr_startup_lpc175x_6x.o
                               0x269c (size before relaxing)
 .debug_str     0x00004929       0xe9 ./src/crp.o
                               0x25b4 (size before relaxing)

.comment        0x00000000       0xdc
 .comment       0x00000000       0x6e ./src/interrupciones/interrupciones.o
                                 0x6f (size before relaxing)
 .comment       0x0000006e       0x6f ./src/expansion3/7seg_Exp3.o
 .comment       0x0000006e       0x6f ./src/GPIO/FW_GPIO.o
 .comment       0x0000006e       0x6f ./src/ControlAcceso.o
 .comment       0x0000006e       0x6f ./src/cr_startup_lpc175x_6x.o
 .comment       0x0000006e       0x6f ./src/crp.o
 .comment       0x0000006e       0x6e e:/lpcxpresso_8.2.2_650/lpcxpresso/tools/bin/../lib/gcc/arm-none-eabi/5.4.1/../../../../arm-none-eabi/lib/armv7-m\libcr_c.a(__weak__main.o)
                                 0x6f (size before relaxing)

.ARM.attributes
                0x00000000       0x33
 .ARM.attributes
                0x00000000       0x33 ./src/interrupciones/interrupciones.o
 .ARM.attributes
                0x00000033       0x33 ./src/expansion3/7seg_Exp3.o
 .ARM.attributes
                0x00000066       0x33 ./src/GPIO/FW_GPIO.o
 .ARM.attributes
                0x00000099       0x33 ./src/ControlAcceso.o
 .ARM.attributes
                0x000000cc       0x33 ./src/cr_startup_lpc175x_6x.o
 .ARM.attributes
                0x000000ff       0x33 ./src/crp.o
 .ARM.attributes
                0x00000132       0x33 e:/lpcxpresso_8.2.2_650/lpcxpresso/tools/bin/../lib/gcc/arm-none-eabi/5.4.1/../../../../arm-none-eabi/lib/armv7-m\libcr_c.a(__weak__main.o)

.debug_frame    0x00000000      0x384
 .debug_frame   0x00000000       0x48 ./src/interrupciones/interrupciones.o
 .debug_frame   0x00000048       0x7c ./src/expansion3/7seg_Exp3.o
 .debug_frame   0x000000c4      0x128 ./src/GPIO/FW_GPIO.o
 .debug_frame   0x000001ec       0x28 ./src/ControlAcceso.o
 .debug_frame   0x00000214      0x170 ./src/cr_startup_lpc175x_6x.o
